  Determining projects to restore...
  All projects are up-to-date for restore.
C:\Users\PC\Desktop\auto chinh do2\auto chinh do\auto_chinhdo\Helpers\OpenCvLogic.cs(47,31): warning CS8600: Converting null literal or possible null value to non-nullable type. [C:\Users\PC\Desktop\auto chinh do2\auto chinh do\auto_chinhdo\auto_chinhdo.csproj]
C:\Users\PC\Desktop\auto chinh do2\auto chinh do\auto_chinhdo\Helpers\OpenCvLogic.cs(48,31): warning CS8600: Converting null literal or possible null value to non-nullable type. [C:\Users\PC\Desktop\auto chinh do2\auto chinh do\auto_chinhdo\auto_chinhdo.csproj]
C:\Users\PC\Desktop\auto chinh do2\auto chinh do\auto_chinhdo\Helpers\OpenCvLogic.cs(142,27): warning CS8600: Converting null literal or possible null value to non-nullable type. [C:\Users\PC\Desktop\auto chinh do2\auto chinh do\auto_chinhdo\auto_chinhdo.csproj]
C:\Users\PC\Desktop\auto chinh do2\auto chinh do\auto_chinhdo\Helpers\OpenCvLogic.cs(142,47): warning CS8600: Converting null literal or possible null value to non-nullable type. [C:\Users\PC\Desktop\auto chinh do2\auto chinh do\auto_chinhdo\auto_chinhdo.csproj]
C:\Users\PC\Desktop\auto chinh do2\auto chinh do\auto_chinhdo\Services\FirebaseService.cs(164,38): warning CS0618: 'GoogleCredential.FromFile(string)' is obsolete: 'This method is being deprecated because of a potential security risk. Use the methods in the CredentialFactory class instead. A GoogleCredential object can then be created by calling the .ToGoogleCredential() method on the returned specific credential. ' [C:\Users\PC\Desktop\auto chinh do2\auto chinh do\auto_chinhdo\auto_chinhdo.csproj]
C:\Users\PC\Desktop\auto chinh do2\auto chinh do\auto_chinhdo\Services\FirebaseService.cs(176,21): warning CS0618: 'ClientBuilderBase<FirestoreDb>.CredentialsPath' is obsolete: 'This property is deprecated because of a potential security risk. Instead, provide explicit credential objects through the GoogleCredential property. See the remarks for more details.' [C:\Users\PC\Desktop\auto chinh do2\auto chinh do\auto_chinhdo\auto_chinhdo.csproj]
C:\Users\PC\Desktop\auto chinh do2\auto chinh do\auto_chinhdo\MainWindow.xaml.cs(1032,28): warning CS1998: This async method lacks 'await' operators and will run synchronously. Consider using the 'await' operator to await non-blocking API calls, or 'await Task.Run(...)' to do CPU-bound work on a background thread. [C:\Users\PC\Desktop\auto chinh do2\auto chinh do\auto_chinhdo\auto_chinhdo.csproj]
C:\Users\PC\Desktop\auto chinh do2\auto chinh do\auto_chinhdo\MainWindow.xaml.cs(64,22): warning CS0414: The field 'MainWindow._isLicensed' is assigned but its value is never used [C:\Users\PC\Desktop\auto chinh do2\auto chinh do\auto_chinhdo\auto_chinhdo.csproj]
  auto_chinhdo -> C:\Users\PC\Desktop\auto chinh do2\auto chinh do\auto_chinhdo\bin\Debug\net8.0-windows\auto_chinhdo.dll

Build succeeded.

C:\Users\PC\Desktop\auto chinh do2\auto chinh do\auto_chinhdo\Helpers\OpenCvLogic.cs(47,31): warning CS8600: Converting null literal or possible null value to non-nullable type. [C:\Users\PC\Desktop\auto chinh do2\auto chinh do\auto_chinhdo\auto_chinhdo.csproj]
C:\Users\PC\Desktop\auto chinh do2\auto chinh do\auto_chinhdo\Helpers\OpenCvLogic.cs(48,31): warning CS8600: Converting null literal or possible null value to non-nullable type. [C:\Users\PC\Desktop\auto chinh do2\auto chinh do\auto_chinhdo\auto_chinhdo.csproj]
C:\Users\PC\Desktop\auto chinh do2\auto chinh do\auto_chinhdo\Helpers\OpenCvLogic.cs(142,27): warning CS8600: Converting null literal or possible null value to non-nullable type. [C:\Users\PC\Desktop\auto chinh do2\auto chinh do\auto_chinhdo\auto_chinhdo.csproj]
C:\Users\PC\Desktop\auto chinh do2\auto chinh do\auto_chinhdo\Helpers\OpenCvLogic.cs(142,47): warning CS8600: Converting null literal or possible null value to non-nullable type. [C:\Users\PC\Desktop\auto chinh do2\auto chinh do\auto_chinhdo\auto_chinhdo.csproj]
C:\Users\PC\Desktop\auto chinh do2\auto chinh do\auto_chinhdo\Services\FirebaseService.cs(164,38): warning CS0618: 'GoogleCredential.FromFile(string)' is obsolete: 'This method is being deprecated because of a potential security risk. Use the methods in the CredentialFactory class instead. A GoogleCredential object can then be created by calling the .ToGoogleCredential() method on the returned specific credential. ' [C:\Users\PC\Desktop\auto chinh do2\auto chinh do\auto_chinhdo\auto_chinhdo.csproj]
C:\Users\PC\Desktop\auto chinh do2\auto chinh do\auto_chinhdo\Services\FirebaseService.cs(176,21): warning CS0618: 'ClientBuilderBase<FirestoreDb>.CredentialsPath' is obsolete: 'This property is deprecated because of a potential security risk. Instead, provide explicit credential objects through the GoogleCredential property. See the remarks for more details.' [C:\Users\PC\Desktop\auto chinh do2\auto chinh do\auto_chinhdo\auto_chinhdo.csproj]
C:\Users\PC\Desktop\auto chinh do2\auto chinh do\auto_chinhdo\MainWindow.xaml.cs(1032,28): warning CS1998: This async method lacks 'await' operators and will run synchronously. Consider using the 'await' operator to await non-blocking API calls, or 'await Task.Run(...)' to do CPU-bound work on a background thread. [C:\Users\PC\Desktop\auto chinh do2\auto chinh do\auto_chinhdo\auto_chinhdo.csproj]
C:\Users\PC\Desktop\auto chinh do2\auto chinh do\auto_chinhdo\MainWindow.xaml.cs(64,22): warning CS0414: The field 'MainWindow._isLicensed' is assigned but its value is never used [C:\Users\PC\Desktop\auto chinh do2\auto chinh do\auto_chinhdo\auto_chinhdo.csproj]
    8 Warning(s)
    0 Error(s)

Time Elapsed 00:00:02.85
